exports[`Album renders the albums 1`] = `
<Card
  expandable={false}
  expanded={null}
  initiallyExpanded={false}
  style={
    Object {
      "marginTop": "1rem",
      "padding": "1rem",
    }
  }>
  <a
    href="\'\`\${album.link}\`\'">
    <h3>
      Jazz Guitar
    </h3>
  </a>
  <p>
    1920s acoustic guitar jazz
  </p>
  <FlatButton
    disabled={false}
    label="[object Object] Votes"
    labelPosition="after"
    labelStyle={Object {}}
    onClick={[Function]}
    onKeyboardFocus={[Function]}
    onMouseEnter={[Function]}
    onMouseLeave={[Function]}
    onTouchStart={[Function]}
    primary={true}
    secondary={false} />
</Card>
`;
